aaron-bond.better-comments
bungcip.better-toml
ckolkman.vscode-postgres
Compulim.compulim-vscode-closetag
DavidAnson.vscode-markdownlint
dbaeumer.vscode-eslint
donjayamanne.githistory
DotJoshJohnson.xml
DryWolf.dark-plus-plus-theme
eamodio.gitlens
EditorConfig.EditorConfig
eg2.vscode-npm-script
eriklynd.json-tools
esbenp.prettier-vscode
fknop.vscode-npm
formulahendry.auto-close-tag
formulahendry.docker-explorer
gcazaciuc.vscode-flow-ide
humao.rest-client
jaredly.reason-vscode
jeremyrajan.webpack
johnpapa.vscode-peacock
joshpeng.sublime-babel-vscode
jpoissonnier.vscode-styled-components
karigari.chat
michelemelluso.code-beautifier
ms-azuretools.vscode-docker
msjsdiag.debugger-for-chrome
ms-mssql.mssql
ms-vsliveshare.vsliveshare
ms-vsliveshare.vsliveshare-audio
ms-vsliveshare.vsliveshare-pack
richie5um2.vscode-filter-json
richie5um2.vscode-sort-json
richie5um2.vscode-statusbar-json-path
rkwan94.vscode-emacs-improved
rust-lang.rust
shardulm94.trailing-spaces
shinichi-takii.sql-bigquery
spywhere.guides
vscode-icons-team.vscode-icons
waderyan.gitblame
yzhang.markdown-all-in-one
Zignd.html-css-class-completion
